GowinSynthesis start
Running parser ...
Analyzing Verilog file '/home/lora/proj/FPGAExample/camera_hdmi/src/cam_display.v'
Analyzing Verilog file '/home/lora/proj/FPGAExample/camera_hdmi/src/gowin_clkdiv/gowin_clkdiv.v'
Analyzing Verilog file '/home/lora/proj/FPGAExample/camera_hdmi/src/gowin_rpll/gowin_rpll.v'
Analyzing Verilog file '/home/lora/proj/FPGAExample/camera_hdmi/src/hdmi/svo_defines.vh'
Analyzing Verilog file '/home/lora/proj/FPGAExample/camera_hdmi/src/hdmi/svo_enc.v'
Analyzing included file '/home/lora/proj/FPGAExample/camera_hdmi/src/hdmi/svo_defines.vh'("/home/lora/proj/FPGAExample/camera_hdmi/src/hdmi/svo_enc.v":21)
Back to file '/home/lora/proj/FPGAExample/camera_hdmi/src/hdmi/svo_enc.v'("/home/lora/proj/FPGAExample/camera_hdmi/src/hdmi/svo_enc.v":21)
Analyzing Verilog file '/home/lora/proj/FPGAExample/camera_hdmi/src/hdmi/svo_tmds.v'
Analyzing included file '/home/lora/proj/FPGAExample/camera_hdmi/src/hdmi/svo_defines.vh'("/home/lora/proj/FPGAExample/camera_hdmi/src/hdmi/svo_tmds.v":21)
Back to file '/home/lora/proj/FPGAExample/camera_hdmi/src/hdmi/svo_tmds.v'("/home/lora/proj/FPGAExample/camera_hdmi/src/hdmi/svo_tmds.v":21)
Analyzing Verilog file '/home/lora/proj/FPGAExample/camera_hdmi/src/psram_memory_interface_hs/psram_memory_interface_hs.v'
Analyzing Verilog file '/home/lora/proj/FPGAExample/camera_hdmi/src/svo_hdmi.v'
Analyzing included file '/home/lora/proj/FPGAExample/camera_hdmi/src/hdmi/svo_defines.vh'("/home/lora/proj/FPGAExample/camera_hdmi/src/svo_hdmi.v":21)
Back to file '/home/lora/proj/FPGAExample/camera_hdmi/src/svo_hdmi.v'("/home/lora/proj/FPGAExample/camera_hdmi/src/svo_hdmi.v":21)
Analyzing Verilog file '/home/lora/proj/FPGAExample/camera_hdmi/src/top.v'
Compiling module 'top'("/home/lora/proj/FPGAExample/camera_hdmi/src/top.v":1)
Extracting RAM for identifier 'bank_wr0_a'("/home/lora/proj/FPGAExample/camera_hdmi/src/top.v":909)
Extracting RAM for identifier 'bank_wr1_a'("/home/lora/proj/FPGAExample/camera_hdmi/src/top.v":910)
Extracting RAM for identifier 'bank_wr2_a'("/home/lora/proj/FPGAExample/camera_hdmi/src/top.v":911)
Extracting RAM for identifier 'bank_wr3_a'("/home/lora/proj/FPGAExample/camera_hdmi/src/top.v":912)
Extracting RAM for identifier 'bank_wr0_b'("/home/lora/proj/FPGAExample/camera_hdmi/src/top.v":914)
Extracting RAM for identifier 'bank_wr1_b'("/home/lora/proj/FPGAExample/camera_hdmi/src/top.v":915)
Extracting RAM for identifier 'bank_wr2_b'("/home/lora/proj/FPGAExample/camera_hdmi/src/top.v":916)
Extracting RAM for identifier 'bank_wr3_b'("/home/lora/proj/FPGAExample/camera_hdmi/src/top.v":917)
Extracting RAM for identifier 'bank_rd0_a'("/home/lora/proj/FPGAExample/camera_hdmi/src/top.v":919)
Extracting RAM for identifier 'bank_rd1_a'("/home/lora/proj/FPGAExample/camera_hdmi/src/top.v":920)
Extracting RAM for identifier 'bank_rd2_a'("/home/lora/proj/FPGAExample/camera_hdmi/src/top.v":921)
Extracting RAM for identifier 'bank_rd3_a'("/home/lora/proj/FPGAExample/camera_hdmi/src/top.v":922)
Extracting RAM for identifier 'bank_rd0_b'("/home/lora/proj/FPGAExample/camera_hdmi/src/top.v":924)
Extracting RAM for identifier 'bank_rd1_b'("/home/lora/proj/FPGAExample/camera_hdmi/src/top.v":925)
Extracting RAM for identifier 'bank_rd2_b'("/home/lora/proj/FPGAExample/camera_hdmi/src/top.v":926)
Extracting RAM for identifier 'bank_rd3_b'("/home/lora/proj/FPGAExample/camera_hdmi/src/top.v":927)
Compiling module '**'("/home/lora/proj/FPGAExample/camera_hdmi/src/psram_memory_interface_hs/psram_memory_interface_hs.v":3500)
WARN  (EX3791) : Expression size 10 truncated to fit in target size 9("/home/lora/proj/FPGAExample/camera_hdmi/src/top.v":1026)
Compiling module 'Gowin_rPLL'("/home/lora/proj/FPGAExample/camera_hdmi/src/gowin_rpll/gowin_rpll.v":9)
Compiling module 'Gowin_CLKDIV'("/home/lora/proj/FPGAExample/camera_hdmi/src/gowin_clkdiv/gowin_clkdiv.v":9)
Compiling module 'Reset_Sync'("/home/lora/proj/FPGAExample/camera_hdmi/src/top.v":1355)
Compiling module 'svo_hdmi'("/home/lora/proj/FPGAExample/camera_hdmi/src/svo_hdmi.v":23)
WARN  (EX3791) : Expression size 5 truncated to fit in target size 4("/home/lora/proj/FPGAExample/camera_hdmi/src/svo_hdmi.v":76)
WARN  (EX3791) : Expression size 5 truncated to fit in target size 4("/home/lora/proj/FPGAExample/camera_hdmi/src/svo_hdmi.v":79)
Compiling module 'cam_display'("/home/lora/proj/FPGAExample/camera_hdmi/src/cam_display.v":3)
WARN  (EX3791) : Expression size 17 truncated to fit in target size 16("/home/lora/proj/FPGAExample/camera_hdmi/src/cam_display.v":68)
Compiling module 'svo_enc(SVO_MODE="640x480V")'("/home/lora/proj/FPGAExample/camera_hdmi/src/hdmi/svo_enc.v":23)
Extracting RAM for identifier 'ctrl_fifo'("/home/lora/proj/FPGAExample/camera_hdmi/src/hdmi/svo_enc.v":48)
Extracting RAM for identifier 'pixel_fifo'("/home/lora/proj/FPGAExample/camera_hdmi/src/hdmi/svo_enc.v":51)
Extracting RAM for identifier 'out_fifo'("/home/lora/proj/FPGAExample/camera_hdmi/src/hdmi/svo_enc.v":54)
WARN  (EX3045) : Case equality operator always evaluates to false due to comparison with 'x' or 'z'("/home/lora/proj/FPGAExample/camera_hdmi/src/hdmi/svo_enc.v":43)
WARN  (EX3791) : Expression size 3 truncated to fit in target size 2("/home/lora/proj/FPGAExample/camera_hdmi/src/hdmi/svo_enc.v":92)
WARN  (EX3791) : Expression size 15 truncated to fit in target size 14("/home/lora/proj/FPGAExample/camera_hdmi/src/hdmi/svo_enc.v":96)
WARN  (EX3791) : Expression size 15 truncated to fit in target size 14("/home/lora/proj/FPGAExample/camera_hdmi/src/hdmi/svo_enc.v":98)
WARN  (EX3791) : Expression size 4 truncated to fit in target size 3("/home/lora/proj/FPGAExample/camera_hdmi/src/hdmi/svo_enc.v":110)
WARN  (EX3791) : Expression size 4 truncated to fit in target size 3("/home/lora/proj/FPGAExample/camera_hdmi/src/hdmi/svo_enc.v":125)
WARN  (EX3791) : Expression size 3 truncated to fit in target size 2("/home/lora/proj/FPGAExample/camera_hdmi/src/hdmi/svo_enc.v":129)
WARN  (EX3791) : Expression size 3 truncated to fit in target size 2("/home/lora/proj/FPGAExample/camera_hdmi/src/hdmi/svo_enc.v":130)
WARN  (EX3791) : Expression size 3 truncated to fit in target size 2("/home/lora/proj/FPGAExample/camera_hdmi/src/hdmi/svo_enc.v":133)
WARN  (EX3791) : Expression size 3 truncated to fit in target size 2("/home/lora/proj/FPGAExample/camera_hdmi/src/hdmi/svo_enc.v":134)
WARN  (EX3791) : Expression size 4 truncated to fit in target size 3("/home/lora/proj/FPGAExample/camera_hdmi/src/hdmi/svo_enc.v":135)
WARN  (EX3791) : Expression size 3 truncated to fit in target size 2("/home/lora/proj/FPGAExample/camera_hdmi/src/hdmi/svo_enc.v":155)
WARN  (EX3791) : Expression size 3 truncated to fit in target size 2("/home/lora/proj/FPGAExample/camera_hdmi/src/hdmi/svo_enc.v":159)
Compiling module 'svo_tmds'("/home/lora/proj/FPGAExample/camera_hdmi/src/hdmi/svo_tmds.v":23)
NOTE  (EX0101) : Current top module is "top"
[5%] Running netlist conversion ...
Running device independent optimization ...
[10%] Optimizing Phase 0 completed
[15%] Optimizing Phase 1 completed
[25%] Optimizing Phase 2 completed
Running inference ...
[30%] Inferring Phase 0 completed
[40%] Inferring Phase 1 completed
[50%] Inferring Phase 2 completed
[55%] Inferring Phase 3 completed
Running technical mapping ...
[60%] Tech-Mapping Phase 0 completed
[65%] Tech-Mapping Phase 1 completed
[75%] Tech-Mapping Phase 2 completed
[80%] Tech-Mapping Phase 3 completed
[90%] Tech-Mapping Phase 4 completed
[95%] Generate netlist file "/home/lora/proj/FPGAExample/camera_hdmi/impl/gwsynthesis/camera_hdmi.vg" completed
WARN  (CK3000) : Can't calculate clocks' relationship between: "vsync_r" and "psram_inst/u_psram_top/clkdiv/CLKOUT.default_gen_clk"
WARN  (CK3000) : Can't calculate clocks' relationship between: "u_div_5/clkdiv_inst/CLKOUT.default_gen_clk" and "psram_inst/u_psram_top/clkdiv/CLKOUT.default_gen_clk"
WARN  (CK3000) : Can't calculate clocks' relationship between: "psram_inst/u_psram_top/clkdiv/CLKOUT.default_gen_clk" and "cam_pclk"
WARN  (CK3000) : Can't calculate clocks' relationship between: "psram_inst/u_psram_top/clkdiv/CLKOUT.default_gen_clk" and "u_div_5/clkdiv_inst/CLKOUT.default_gen_clk"
WARN  (CK3000) : Can't calculate clocks' relationship between: "cam_pclk" and "psram_inst/u_psram_top/clkdiv/CLKOUT.default_gen_clk"
[100%] Generate report file "/home/lora/proj/FPGAExample/camera_hdmi/impl/gwsynthesis/camera_hdmi_syn.rpt.html" completed
GowinSynthesis finish
